============================================================
LSTM行为克隆训练
============================================================
Loading 500 episodes from data/20260626_005525 …
  使用前 200 个episode（节省内存）
  观测维度: 21 (原始20 + 阶段1 = 21)
  动作维度: 5

创建训练集...
  创建了 500000 个训练样本（最大限制: 500000）
  使用索引方式，节省内存

创建验证集...
  创建了 100000 个训练样本（最大限制: 100000）
  使用索引方式，节省内存

训练配置:
  数据目录: data/20260626_005525
  输出目录: data/20260626_005525/checkpoints_lstm
  训练样本: 500000
  验证样本: 100000
  观测维度: 21
  动作维度: 5
  序列长度: 32
  批大小: 128
  学习率: 0.001
  Epochs: 200
  设备: cuda

============================================================
开始训练...
============================================================

模型结构:
  输入维度: 21
  输出维度: 5
  隐藏层大小: 256
  LSTM层数: 2
  序列长度: 32
  设备: cuda
  epoch    1/200  train_loss=0.019047  val_loss=0.001369  lr=1.00e-03  25.7s
  epoch   10/200  train_loss=0.001328  val_loss=0.000371  lr=9.94e-04  252.4s
  epoch   20/200  train_loss=0.001228  val_loss=0.000757  lr=9.76e-04  521.4s
  epoch   30/200  train_loss=0.001143  val_loss=0.000231  lr=9.46e-04  791.7s
  epoch   40/200  train_loss=0.001106  val_loss=0.000251  lr=9.05e-04  1064.8s
  epoch   50/200  train_loss=0.001087  val_loss=0.000283  lr=8.54e-04  1324.4s
  epoch   60/200  train_loss=0.001057  val_loss=0.000170  lr=7.94e-04  1591.7s
  epoch   70/200  train_loss=0.001044  val_loss=0.000194  lr=7.27e-04  1862.8s
  epoch   80/200  train_loss=0.001027  val_loss=0.000189  lr=6.55e-04  2131.1s
  epoch   90/200  train_loss=0.001050  val_loss=0.000325  lr=5.78e-04  2390.0s
  epoch  100/200  train_loss=0.000997  val_loss=0.000213  lr=5.00e-04  2645.6s
  epoch  110/200  train_loss=0.000983  val_loss=0.000152  lr=4.22e-04  2905.8s
  epoch  120/200  train_loss=0.000971  val_loss=0.000156  lr=3.45e-04  3180.8s
  epoch  130/200  train_loss=0.000953  val_loss=0.000142  lr=2.73e-04  3451.4s
  epoch  140/200  train_loss=0.000939  val_loss=0.000139  lr=2.06e-04  3700.5s
  epoch  150/200  train_loss=0.000925  val_loss=0.000154  lr=1.46e-04  3949.7s
  epoch  160/200  train_loss=0.000916  val_loss=0.000124  lr=9.55e-05  4212.1s
  epoch  170/200  train_loss=0.000906  val_loss=0.000128  lr=5.45e-05  4483.9s
  epoch  180/200  train_loss=0.000893  val_loss=0.000120  lr=2.45e-05  4741.3s
  epoch  190/200  train_loss=0.000890  val_loss=0.000131  lr=6.16e-06  5001.4s
  epoch  200/200  train_loss=0.000885  val_loss=0.000135  lr=0.00e+00  5257.1s

============================================================
训练完成！
模型保存在: data/20260626_005525/checkpoints_lstm/model_best.pt
============================================================
