Loaded model from data/20260626_005525/checkpoints_ik/model_best.pt

Running 20 evaluation episodes...
  [   1/20] ✗  steps=5600  dist=0.3353  time=2.6s
  [   2/20] ✗  steps=5600  dist=0.3353  time=2.6s
  [   3/20] ✗  steps=5600  dist=0.3353  time=2.6s
  [   4/20] ✗  steps=5600  dist=0.3353  time=2.6s
  [   5/20] ✗  steps=5600  dist=0.3353  time=2.6s
  [   6/20] ✗  steps=5600  dist=0.3353  time=2.6s
  [   7/20] ✗  steps=5600  dist=0.3353  time=2.6s
  [   8/20] ✗  steps=5600  dist=0.3353  time=2.7s
  [   9/20] ✗  steps=5600  dist=0.3353  time=2.7s
  [  10/20] ✗  steps=5600  dist=0.3353  time=2.7s
  [  11/20] ✗  steps=5600  dist=0.3353  time=2.6s
  [  12/20] ✗  steps=5600  dist=0.3353  time=2.7s
  [  13/20] ✗  steps=5600  dist=0.3353  time=2.6s
  [  14/20] ✗  steps=5600  dist=0.3353  time=2.8s
  [  15/20] ✗  steps=5600  dist=0.3353  time=2.8s
  [  16/20] ✗  steps=5600  dist=0.3353  time=2.9s
  [  17/20] ✗  steps=5600  dist=0.3353  time=2.8s
  [  18/20] ✗  steps=5600  dist=0.3353  time=2.8s
  [  19/20] ✗  steps=5600  dist=0.3353  time=2.8s
  [  20/20] ✗  steps=5600  dist=0.3353  time=2.7s

============================================================
Evaluation Results (IK Learning)
============================================================
  Success rate:     0/20 (0.00%)
  Avg steps:        5600.0
  Avg final dist:   0.3353
============================================================
