============================================================
IK学习训练 - 直接学习Jacobian计算
============================================================

准备数据...

创建训练集...
  样本数量: 1008000
  输入维度: 8
  输出维度: 4
  目标范围: [-0.0200, 0.0200]
  目标均值: [-0.00462288  0.00357204  0.00250156  0.00430059]
  目标标准差: [0.0132312  0.01760896 0.01511227 0.01492933]

创建验证集...
  样本数量: 112000
  输入维度: 8
  输出维度: 4
  目标范围: [-0.0200, 0.0200]
  目标均值: [-0.00460145  0.00359307  0.00242424  0.00428267]
  目标标准差: [0.01326912 0.01761352 0.01516049 0.01495656]

训练配置:
  数据目录: data/20260626_005525
  输出目录: data/20260626_005525/checkpoints_ik
  Epochs: 200
  Batch size: 256
  学习率: 0.001
  设备: cuda

============================================================
开始训练...
============================================================

模型结构:
  输入维度: 8
  输出维度: 4
  设备: cuda
  epoch    1/200  train_loss=0.00007584  val_loss=0.00005181  14.0s
  epoch   10/200  train_loss=0.00002091  val_loss=0.00002065  138.5s
  epoch   20/200  train_loss=0.00001598  val_loss=0.00001456  276.4s
  epoch   30/200  train_loss=0.00001421  val_loss=0.00001457  405.6s
  epoch   40/200  train_loss=0.00001289  val_loss=0.00001228  529.8s
  epoch   50/200  train_loss=0.00001182  val_loss=0.00001191  657.6s
  epoch   60/200  train_loss=0.00001111  val_loss=0.00001025  784.0s
  epoch   70/200  train_loss=0.00001033  val_loss=0.00000912  909.2s
  epoch   80/200  train_loss=0.00000990  val_loss=0.00000938  1032.4s
  epoch   90/200  train_loss=0.00000928  val_loss=0.00001001  1154.2s
  epoch  100/200  train_loss=0.00000877  val_loss=0.00000839  1279.0s
  epoch  110/200  train_loss=0.00000833  val_loss=0.00000792  1404.7s
  epoch  120/200  train_loss=0.00000787  val_loss=0.00000825  1532.1s
  epoch  130/200  train_loss=0.00000740  val_loss=0.00000733  1657.3s
  epoch  140/200  train_loss=0.00000703  val_loss=0.00000694  1780.4s
  epoch  150/200  train_loss=0.00000665  val_loss=0.00000654  1903.2s
  epoch  160/200  train_loss=0.00000632  val_loss=0.00000636  2024.2s
  epoch  170/200  train_loss=0.00000611  val_loss=0.00000648  2148.2s
  epoch  180/200  train_loss=0.00000593  val_loss=0.00000602  2276.9s
  epoch  190/200  train_loss=0.00000582  val_loss=0.00000594  2396.3s
  epoch  200/200  train_loss=0.00000578  val_loss=0.00000592  2521.6s

训练完成！
模型保存在: data/20260626_005525/checkpoints_ik/model_best.pt
